"id","username"
"1","mdeanda"
"2","sodamnmad"
"3","fancyuser"
